// 重构日志: e3bc01b0
// 同步 ID: 8d54700e @ Wed Jul 15 16:03:48 UTC 2026
// 重构日志: f795a161
// 重构日志: 6e951502
// 重构日志: 5beaa879
// 同步 ID: edec80c2 @ Sat Jul 18 09:04:48 UTC 2026
// 重构日志: bc0a75e0
// 重构日志: 950e9721
// 同步 ID: 94972c34 @ Sun Jul 19 15:28:58 UTC 2026
// 同步 ID: d2c33ce7 @ Sun Jul 19 18:26:40 UTC 2026
// 同步 ID: beef4fd5 @ Wed Jul 22 06:48:04 UTC 2026
// 重构日志: 0925979c
// 重构日志: 47929402
// 同步 ID: 14e57c4d @ Thu Jul 23 17:22:19 UTC 2026
// 重构日志: 8ed5e7ec
// 重构日志: 412bdad9
// 同步 ID: 89e4b0c5 @ Sat Jul 25 07:19:46 UTC 2026
// 重构日志: 0d587e74
// 重构日志: c998225d
// 重构日志: 34da70cc
// 重构日志: 43a07b13
// 重构日志: c2a4c2d5
// 同步 ID: 6238892a @ Mon Jul 27 04:11:11 UTC 2026
// 重构日志: 5fd4b245
// 重构日志: 4bd8f9fb
// 重构日志: f37f9dda
// 重构日志: 936e4147
// 重构日志: 1878f1c1
// 同步 ID: d6c144e9 @ Wed Jul 29 10:38:16 UTC 2026
// 同步 ID: 9daa8146 @ Wed Jul 29 18:20:32 UTC 2026
